[2mAM 8:04:00[22m [31m[1m[vite][22m[39m Pre-transform error: Failed to resolve import "./styles/fonts.css" from "../web/design-system/dist/index.js". Does the file exist?
[2mAM 8:04:00[22m [31m[1m[vite][22m[39m Pre-transform error: Failed to resolve import "./styles/fonts.css" from "../web/design-system/dist/index.js". Does the file exist?
[2mAM 8:04:00[22m [31m[1m[vite][22m[39m Pre-transform error: Failed to resolve import "./styles/fonts.css" from "../web/design-system/dist/index.js". Does the file exist?
[2mAM 8:04:00[22m [31m[1m[vite][22m[39m Pre-transform error: Failed to resolve import "./styles/fonts.css" from "../web/design-system/dist/index.js". Does the file exist?
[2mAM 8:04:00[22m [31m[1m[vite][22m[39m Pre-transform error: Failed to resolve import "./styles/fonts.css" from "../web/design-system/dist/index.js". Does the file exist?
[2mAM 8:04:00[22m [31m[1m[vite][22m[39m Pre-transform error: Failed to resolve import "./styles/fonts.css" from "../web/design-system/dist/index.js". Does the file exist?
[2mAM 8:04:00[22m [31m[1m[vite][22m[39m Pre-transform error: Failed to resolve import "./styles/fonts.css" from "../web/design-system/dist/index.js". Does the file exist?
[2mAM 8:04:00[22m [31m[1m[vite][22m[39m Pre-transform error: Failed to resolve import "./styles/fonts.css" from "../web/design-system/dist/index.js". Does the file exist?
[2mAM 8:04:00[22m [31m[1m[vite][22m[39m Pre-transform error: Failed to resolve import "./styles/fonts.css" from "../web/design-system/dist/index.js". Does the file exist?
[2mAM 8:04:00[22m [31m[1m[vite][22m[39m Pre-transform error: Failed to resolve import "./styles/fonts.css" from "../web/design-system/dist/index.js". Does the file exist?
[2mAM 8:04:00[22m [31m[1m[vite][22m[39m Pre-transform error: Failed to resolve import "./styles/fonts.css" from "../web/design-system/dist/index.js". Does the file exist?
[2mAM 8:04:00[22m [31m[1m[vite][22m[39m Pre-transform error: Failed to resolve import "./styles/fonts.css" from "../web/design-system/dist/index.js". Does the file exist?
[2mAM 8:04:00[22m [31m[1m[vite][22m[39m Pre-transform error: Failed to resolve import "./styles/fonts.css" from "../web/design-system/dist/index.js". Does the file exist?
[2mAM 8:04:00[22m [31m[1m[vite][22m[39m Pre-transform error: Failed to resolve import "./styles/fonts.css" from "../web/design-system/dist/index.js". Does the file exist?
[2mAM 8:04:00[22m [31m[1m[vite][22m[39m Pre-transform error: Failed to resolve import "./styles/fonts.css" from "../web/design-system/dist/index.js". Does the file exist?
[2mAM 8:04:00[22m [31m[1m[vite][22m[39m Pre-transform error: Failed to resolve import "./styles/fonts.css" from "../web/design-system/dist/index.js". Does the file exist?
[2mAM 8:04:00[22m [31m[1m[vite][22m[39m Pre-transform error: Failed to resolve import "./styles/fonts.css" from "../web/design-system/dist/index.js". Does the file exist?
[2mAM 8:04:00[22m [31m[1m[vite][22m[39m Pre-transform error: Failed to resolve import "./styles/fonts.css" from "../web/design-system/dist/index.js". Does the file exist?
[2mAM 8:04:00[22m [31m[1m[vite][22m[39m Pre-transform error: Failed to resolve import "./styles/fonts.css" from "../web/design-system/dist/index.js". Does the file exist?
[2mAM 8:04:00[22m [31m[1m[vite][22m[39m Pre-transform error: Failed to resolve import "./styles/fonts.css" from "../web/design-system/dist/index.js". Does the file exist?
[2mAM 8:04:00[22m [31m[1m[vite][22m[39m Pre-transform error: Failed to resolve import "./styles/fonts.css" from "../web/design-system/dist/index.js". Does the file exist?
[2mAM 8:04:00[22m [31m[1m[vite][22m[39m Pre-transform error: Failed to resolve import "./styles/fonts.css" from "../web/design-system/dist/index.js". Does the file exist?
[2mAM 8:04:00[22m [31m[1m[vite][22m[39m Pre-transform error: Failed to resolve import "./styles/fonts.css" from "../web/design-system/dist/index.js". Does the file exist?
[2mAM 8:04:00[22m [31m[1m[vite][22m[39m Pre-transform error: Failed to resolve import "./styles/fonts.css" from "../web/design-system/dist/index.js". Does the file exist?
[2mAM 8:04:00[22m [31m[1m[vite][22m[39m Pre-transform error: Failed to resolve import "./styles/fonts.css" from "../web/design-system/dist/index.js". Does the file exist?
[2mAM 8:04:00[22m [31m[1m[vite][22m[39m Pre-transform error: Failed to resolve import "./styles/fonts.css" from "../web/design-system/dist/index.js". Does the file exist?
[2mAM 8:04:00[22m [31m[1m[vite][22m[39m Pre-transform error: Failed to resolve import "./styles/fonts.css" from "../web/design-system/dist/index.js". Does the file exist?
[2mAM 8:04:00[22m [31m[1m[vite][22m[39m Pre-transform error: Failed to resolve import "./styles/fonts.css" from "../web/design-system/dist/index.js". Does the file exist?
[2mAM 8:04:00[22m [31m[1m[vite][22m[39m Pre-transform error: Failed to resolve import "./styles/fonts.css" from "../web/design-system/dist/index.js". Does the file exist?
[2mAM 8:04:00[22m [31m[1m[vite][22m[39m Pre-transform error: Failed to resolve import "./styles/fonts.css" from "../web/design-system/dist/index.js". Does the file exist?
[2mAM 8:04:00[22m [31m[1m[vite][22m[39m Pre-transform error: Failed to resolve import "./styles/fonts.css" from "../web/design-system/dist/index.js". Does the file exist?
[2mAM 8:04:00[22m [31m[1m[vite][22m[39m Pre-transform error: Failed to resolve import "./styles/fonts.css" from "../web/design-system/dist/index.js". Does the file exist?
[2mAM 8:04:00[22m [31m[1m[vite][22m[39m Pre-transform error: Failed to resolve import "./styles/fonts.css" from "../web/design-system/dist/index.js". Does the file exist?
[2mAM 8:04:00[22m [31m[1m[vite][22m[39m Pre-transform error: Failed to resolve import "./styles/fonts.css" from "../web/design-system/dist/index.js". Does the file exist?
[2mAM 8:04:00[22m [31m[1m[vite][22m[39m Pre-transform error: Failed to resolve import "./styles/fonts.css" from "../web/design-system/dist/index.js". Does the file exist?
[2mAM 8:04:00[22m [31m[1m[vite][22m[39m Pre-transform error: Failed to resolve import "./styles/fonts.css" from "../web/design-system/dist/index.js". Does the file exist?
[2mAM 8:04:00[22m [31m[1m[vite][22m[39m Pre-transform error: Failed to resolve import "./styles/fonts.css" from "../web/design-system/dist/index.js". Does the file exist?
[2mAM 8:04:00[22m [31m[1m[vite][22m[39m Pre-transform error: Failed to resolve import "./styles/fonts.css" from "../web/design-system/dist/index.js". Does the file exist?
[2mAM 8:04:00[22m [31m[1m[vite][22m[39m Pre-transform error: Failed to resolve import "./styles/fonts.css" from "../web/design-system/dist/index.js". Does the file exist?
[2mAM 8:04:00[22m [31m[1m[vite][22m[39m Pre-transform error: Failed to resolve import "./styles/fonts.css" from "../web/design-system/dist/index.js". Does the file exist?
[2mAM 8:04:00[22m [31m[1m[vite][22m[39m Pre-transform error: Failed to resolve import "./styles/fonts.css" from "../web/design-system/dist/index.js". Does the file exist?
[2mAM 8:04:00[22m [31m[1m[vite][22m[39m Pre-transform error: Failed to resolve import "./styles/fonts.css" from "../web/design-system/dist/index.js". Does the file exist?
[2mAM 8:04:00[22m [31m[1m[vite][22m[39m Pre-transform error: Failed to resolve import "./styles/fonts.css" from "../web/design-system/dist/index.js". Does the file exist?
[2mAM 8:04:00[22m [31m[1m[vite][22m[39m Pre-transform error: Failed to resolve import "./styles/fonts.css" from "../web/design-system/dist/index.js". Does the file exist?
[2mAM 8:04:00[22m [31m[1m[vite][22m[39m Pre-transform error: Failed to resolve import "./styles/fonts.css" from "../web/design-system/dist/index.js". Does the file exist?
[2mAM 8:04:00[22m [31m[1m[vite][22m[39m Pre-transform error: Failed to resolve import "./styles/fonts.css" from "../web/design-system/dist/index.js". Does the file exist?
[2mAM 8:04:00[22m [31m[1m[vite][22m[39m Pre-transform error: Failed to resolve import "./styles/fonts.css" from "../web/design-system/dist/index.js". Does the file exist?
[2mAM 8:04:00[22m [31m[1m[vite][22m[39m Pre-transform error: Failed to resolve import "./styles/fonts.css" from "../web/design-system/dist/index.js". Does the file exist?
[2mAM 8:04:00[22m [31m[1m[vite][22m[39m Pre-transform error: Failed to resolve import "./styles/fonts.css" from "../web/design-system/dist/index.js". Does the file exist?
[2mAM 8:04:00[22m [31m[1m[vite][22m[39m Pre-transform error: Failed to resolve import "./styles/fonts.css" from "../web/design-system/dist/index.js". Does the file exist?
[2mAM 8:04:00[22m [31m[1m[vite][22m[39m Pre-transform error: Failed to resolve import "./styles/fonts.css" from "../web/design-system/dist/index.js". Does the file exist?
[2mAM 8:04:00[22m [31m[1m[vite][22m[39m Pre-transform error: Failed to resolve import "./styles/fonts.css" from "../web/design-system/dist/index.js". Does the file exist?
[2mAM 8:04:00[22m [31m[1m[vite][22m[39m Pre-transform error: Failed to resolve import "./styles/fonts.css" from "../web/design-system/dist/index.js". Does the file exist?
[2mAM 8:04:00[22m [31m[1m[vite][22m[39m Pre-transform error: Failed to resolve import "./styles/fonts.css" from "../web/design-system/dist/index.js". Does the file exist?
[2mAM 8:04:00[22m [31m[1m[vite][22m[39m Pre-transform error: Failed to resolve import "./styles/fonts.css" from "../web/design-system/dist/index.js". Does the file exist?
[2mAM 8:04:00[22m [31m[1m[vite][22m[39m Pre-transform error: Failed to resolve import "./styles/fonts.css" from "../web/design-system/dist/index.js". Does the file exist?
[2mAM 8:04:00[22m [31m[1m[vite][22m[39m Pre-transform error: Failed to resolve import "./styles/fonts.css" from "../web/design-system/dist/index.js". Does the file exist?
[2mAM 8:04:00[22m [31m[1m[vite][22m[39m Pre-transform error: Failed to resolve import "./styles/fonts.css" from "../web/design-system/dist/index.js". Does the file exist?
[2mAM 8:04:00[22m [31m[1m[vite][22m[39m Pre-transform error: Failed to resolve import "./styles/fonts.css" from "../web/design-system/dist/index.js". Does the file exist?
[2mAM 8:04:00[22m [31m[1m[vite][22m[39m Pre-transform error: Failed to resolve import "./styles/fonts.css" from "../web/design-system/dist/index.js". Does the file exist?
[2mAM 8:04:00[22m [31m[1m[vite][22m[39m Pre-transform error: Failed to resolve import "./styles/fonts.css" from "../web/design-system/dist/index.js". Does the file exist?
[2mAM 8:04:00[22m [31m[1m[vite][22m[39m Pre-transform error: Failed to resolve import "./styles/fonts.css" from "../web/design-system/dist/index.js". Does the file exist?
[2mAM 8:04:00[22m [31m[1m[vite][22m[39m Pre-transform error: Failed to resolve import "./styles/fonts.css" from "../web/design-system/dist/index.js". Does the file exist?
[2mAM 8:04:00[22m [31m[1m[vite][22m[39m Pre-transform error: Failed to resolve import "./styles/fonts.css" from "../web/design-system/dist/index.js". Does the file exist?
[2mAM 8:04:00[22m [31m[1m[vite][22m[39m Pre-transform error: Failed to resolve import "./styles/fonts.css" from "../web/design-system/dist/index.js". Does the file exist?
[2mAM 8:04:00[22m [31m[1m[vite][22m[39m Pre-transform error: Failed to resolve import "./styles/fonts.css" from "../web/design-system/dist/index.js". Does the file exist?
[2mAM 8:04:00[22m [31m[1m[vite][22m[39m Pre-transform error: Failed to resolve import "./styles/fonts.css" from "../web/design-system/dist/index.js". Does the file exist?
[2mAM 8:04:00[22m [31m[1m[vite][22m[39m Pre-transform error: Failed to resolve import "./styles/fonts.css" from "../web/design-system/dist/index.js". Does the file exist?
[2mAM 8:04:00[22m [31m[1m[vite][22m[39m Pre-transform error: Failed to resolve import "./styles/fonts.css" from "../web/design-system/dist/index.js". Does the file exist?
[2mAM 8:04:00[22m [31m[1m[vite][22m[39m Pre-transform error: Failed to resolve import "./styles/fonts.css" from "../web/design-system/dist/index.js". Does the file exist?
[2mAM 8:04:00[22m [31m[1m[vite][22m[39m Pre-transform error: Failed to resolve import "./styles/fonts.css" from "../web/design-system/dist/index.js". Does the file exist?
[2mAM 8:04:00[22m [31m[1m[vite][22m[39m Pre-transform error: Failed to resolve import "./styles/fonts.css" from "../web/design-system/dist/index.js". Does the file exist?
[2mAM 8:04:00[22m [31m[1m[vite][22m[39m Pre-transform error: Failed to resolve import "./styles/fonts.css" from "../web/design-system/dist/index.js". Does the file exist?
[2mAM 8:04:00[22m [31m[1m[vite][22m[39m Pre-transform error: Failed to resolve import "./styles/fonts.css" from "../web/design-system/dist/index.js". Does the file exist?
[2mAM 8:04:00[22m [31m[1m[vite][22m[39m Pre-transform error: Failed to resolve import "./styles/fonts.css" from "../web/design-system/dist/index.js". Does the file exist?
[2mAM 8:04:00[22m [31m[1m[vite][22m[39m Pre-transform error: Failed to resolve import "./styles/fonts.css" from "../web/design-system/dist/index.js". Does the file exist?
[2mAM 8:04:00[22m [31m[1m[vite][22m[39m Pre-transform error: Failed to resolve import "./styles/fonts.css" from "../web/design-system/dist/index.js". Does the file exist?
[2mAM 8:04:00[22m [31m[1m[vite][22m[39m Pre-transform error: Failed to resolve import "./styles/fonts.css" from "../web/design-system/dist/index.js". Does the file exist?
[2mAM 8:04:00[22m [31m[1m[vite][22m[39m Pre-transform error: Failed to resolve import "./styles/fonts.css" from "../web/design-system/dist/index.js". Does the file exist?
[2mAM 8:04:00[22m [31m[1m[vite][22m[39m Pre-transform error: Failed to resolve import "./styles/fonts.css" from "../web/design-system/dist/index.js". Does the file exist?
[2mAM 8:04:00[22m [31m[1m[vite][22m[39m Pre-transform error: Failed to resolve import "./styles/fonts.css" from "../web/design-system/dist/index.js". Does the file exist?
[2mAM 8:04:00[22m [31m[1m[vite][22m[39m Pre-transform error: Failed to resolve import "./styles/fonts.css" from "../web/design-system/dist/index.js". Does the file exist?
[2mAM 8:04:00[22m [31m[1m[vite][22m[39m Pre-transform error: Failed to resolve import "./styles/fonts.css" from "../web/design-system/dist/index.js". Does the file exist?
[2mAM 8:04:00[22m [31m[1m[vite][22m[39m Pre-transform error: Failed to resolve import "./styles/fonts.css" from "../web/design-system/dist/index.js". Does the file exist?
[2mAM 8:04:00[22m [31m[1m[vite][22m[39m Pre-transform error: Failed to resolve import "./styles/fonts.css" from "../web/design-system/dist/index.js". Does the file exist?
[2mAM 8:04:00[22m [31m[1m[vite][22m[39m Pre-transform error: Failed to resolve import "./styles/fonts.css" from "../web/design-system/dist/index.js". Does the file exist?
[2mAM 8:04:00[22m [31m[1m[vite][22m[39m Pre-transform error: Failed to resolve import "./styles/fonts.css" from "../web/design-system/dist/index.js". Does the file exist?
[2mAM 8:04:00[22m [31m[1m[vite][22m[39m Pre-transform error: Failed to resolve import "./styles/fonts.css" from "../web/design-system/dist/index.js". Does the file exist?
[2mAM 8:04:00[22m [31m[1m[vite][22m[39m Pre-transform error: Failed to resolve import "./styles/fonts.css" from "../web/design-system/dist/index.js". Does the file exist?
[2mAM 8:04:00[22m [31m[1m[vite][22m[39m Pre-transform error: Failed to resolve import "./styles/fonts.css" from "../web/design-system/dist/index.js". Does the file exist?
[2mAM 8:04:00[22m [31m[1m[vite][22m[39m Pre-transform error: Failed to resolve import "./styles/fonts.css" from "../web/design-system/dist/index.js". Does the file exist?
[2mAM 8:04:00[22m [31m[1m[vite][22m[39m Pre-transform error: Failed to resolve import "./styles/fonts.css" from "../web/design-system/dist/index.js". Does the file exist?
[2mAM 8:04:00[22m [31m[1m[vite][22m[39m Pre-transform error: Failed to resolve import "./styles/fonts.css" from "../web/design-system/dist/index.js". Does the file exist?
[2mAM 8:04:00[22m [31m[1m[vite][22m[39m Pre-transform error: Failed to resolve import "./styles/fonts.css" from "../web/design-system/dist/index.js". Does the file exist?
[2mAM 8:04:00[22m [31m[1m[vite][22m[39m Pre-transform error: Failed to resolve import "./styles/fonts.css" from "../web/design-system/dist/index.js". Does the file exist?
[2mAM 8:04:00[22m [31m[1m[vite][22m[39m Pre-transform error: Failed to resolve import "./styles/fonts.css" from "../web/design-system/dist/index.js". Does the file exist?
[2mAM 8:04:00[22m [31m[1m[vite][22m[39m Pre-transform error: Failed to resolve import "./styles/fonts.css" from "../web/design-system/dist/index.js". Does the file exist?
[2mAM 8:04:00[22m [31m[1m[vite][22m[39m Pre-transform error: Failed to resolve import "./styles/fonts.css" from "../web/design-system/dist/index.js". Does the file exist?
[2mAM 8:04:00[22m [31m[1m[vite][22m[39m Pre-transform error: Failed to resolve import "./styles/fonts.css" from "../web/design-system/dist/index.js". Does the file exist?
[2mAM 8:04:00[22m [31m[1m[vite][22m[39m Pre-transform error: Failed to resolve import "./styles/fonts.css" from "../web/design-system/dist/index.js". Does the file exist?
[2mAM 8:04:00[22m [31m[1m[vite][22m[39m Pre-transform error: Failed to resolve import "./styles/fonts.css" from "../web/design-system/dist/index.js". Does the file exist?
[2mAM 8:04:00[22m [31m[1m[vite][22m[39m Pre-transform error: Failed to resolve import "./styles/fonts.css" from "../web/design-system/dist/index.js". Does the file exist?
[2mAM 8:04:00[22m [31m[1m[vite][22m[39m Pre-transform error: Failed to resolve import "./styles/fonts.css" from "../web/design-system/dist/index.js". Does the file exist?
[2mAM 8:04:00[22m [31m[1m[vite][22m[39m Pre-transform error: Failed to resolve import "./styles/fonts.css" from "../web/design-system/dist/index.js". Does the file exist?
[2mAM 8:04:01[22m [31m[1m[vite][22m[39m Pre-transform error: Failed to resolve import "./FormField.module.css" from "../web/design-system/dist/components/FormField/FormField.js". Does the file exist?
[2mAM 8:04:01[22m [31m[1m[vite][22m[39m Pre-transform error: Failed to resolve import "./DataTable.module.css" from "../web/design-system/dist/components/DataTable/DataTable.js". Does the file exist?
[2mAM 8:04:01[22m [31m[1m[vite][22m[39m Pre-transform error: Failed to resolve import "./Button.module.css" from "../web/design-system/dist/components/Button/Button.js". Does the file exist?
[2mAM 8:04:01[22m [31m[1m[vite][22m[39m Pre-transform error: Failed to resolve import "./Select.module.css" from "../web/design-system/dist/components/Select/Select.js". Does the file exist?
[2mAM 8:04:01[22m [31m[1m[vite][22m[39m Pre-transform error: Failed to resolve import "./Badge.module.css" from "../web/design-system/dist/components/Badge/Badge.js". Does the file exist?
[2mAM 8:04:01[22m [31m[1m[vite][22m[39m Pre-transform error: Failed to resolve import "./Input.module.css" from "../web/design-system/dist/components/Input/Input.js". Does the file exist?
[2mAM 8:04:01[22m [31m[1m[vite][22m[39m Pre-transform error: Failed to resolve import "./Label.module.css" from "../web/design-system/dist/components/Label/Label.js". Does the file exist?
[2mAM 8:04:01[22m [31m[1m[vite][22m[39m Pre-transform error: Failed to resolve import "./Label.module.css" from "../web/design-system/dist/components/Label/Label.js". Does the file exist?
[2mAM 8:04:01[22m [31m[1m[vite][22m[39m Pre-transform error: Failed to resolve import "./Label.module.css" from "../web/design-system/dist/components/Label/Label.js". Does the file exist?
[2mAM 8:04:01[22m [31m[1m[vite][22m[39m Pre-transform error: Failed to resolve import "./Label.module.css" from "../web/design-system/dist/components/Label/Label.js". Does the file exist?
[2mAM 8:04:01[22m [31m[1m[vite][22m[39m Pre-transform error: Failed to resolve import "./SlipNumberDisplay.module.css" from "../web/design-system/dist/components/SlipNumberDisplay/SlipNumberDisplay.js". Does the file exist?
[2mAM 8:04:01[22m [31m[1m[vite][22m[39m Pre-transform error: Failed to resolve import "./Modal.module.css" from "../web/design-system/dist/components/Modal/Modal.js". Does the file exist?
[2mAM 8:04:01[22m [31m[1m[vite][22m[39m Pre-transform error: Failed to resolve import "./SlipStatusBadge.module.css" from "../web/design-system/dist/components/SlipStatusBadge/SlipStatusBadge.js". Does the file exist?
[2mAM 8:04:01[22m [31m[1m[vite][22m[39m Pre-transform error: Failed to resolve import "../../assets/mascot/samhani-static.png" from "../web/design-system/dist/components/MascotLoader/MascotLoader.js". Does the file exist?
[2mAM 8:04:01[22m [31m[1m[vite][22m[39m Pre-transform error: Failed to resolve import "../../assets/mascot/samhani-static.png" from "../web/design-system/dist/components/MascotLoader/MascotLoader.js". Does the file exist?
[2mAM 8:04:01[22m [31m[1m[vite][22m[39m Pre-transform error: Failed to resolve import "./DeliveryTagSelector.module.css" from "../web/design-system/dist/components/DeliveryTagSelector/DeliveryTagSelector.js". Does the file exist?
[2mAM 8:04:01[22m [31m[1m[vite][22m[39m Pre-transform error: Failed to resolve import "./TagChip.module.css" from "../web/design-system/dist/components/TagChip/TagChip.js". Does the file exist?
[2mAM 8:04:01[22m [31m[1m[vite][22m[39m Pre-transform error: Failed to resolve import "../../assets/mascot/samhani-static.png" from "../web/design-system/dist/components/MascotEmptyState/MascotEmptyState.js". Does the file exist?
[2mAM 8:04:01[22m [31m[1m[vite][22m[39m Pre-transform error: Failed to resolve import "../../assets/mascot/samhani-static.png" from "../web/design-system/dist/components/MascotEmptyState/MascotEmptyState.js". Does the file exist?
[2mAM 8:04:01[22m [31m[1m[vite][22m[39m Pre-transform error: Failed to resolve import "./Card.module.css" from "../web/design-system/dist/components/Card/Card.js". Does the file exist?
[2mAM 8:04:01[22m [31m[1m[vite][22m[39m Pre-transform error: Failed to resolve import "./TagInput.module.css" from "../web/design-system/dist/components/TagInput/TagInput.js". Does the file exist?
[2mAM 8:04:01[22m [31m[1m[vite][22m[39m Pre-transform error: Failed to resolve import "./Spinner.module.css" from "../web/design-system/dist/components/Spinner/Spinner.js". Does the file exist?
[2mAM 8:04:01[22m [31m[1m[vite][22m[39m Pre-transform error: Failed to resolve import "./Spinner.module.css" from "../web/design-system/dist/components/Spinner/Spinner.js". Does the file exist?
[2mAM 8:04:01[22m [31m[1m[vite][22m[39m Pre-transform error: Failed to resolve import "./DragHandle.module.css" from "../web/design-system/dist/components/DragHandle/DragHandle.js". Does the file exist?
[2mAM 8:04:01[22m [31m[1m[vite][22m[39m Pre-transform error: Failed to resolve import "./PhoneInput.module.css" from "../web/design-system/dist/components/PhoneInput/PhoneInput.js". Does the file exist?
[2mAM 8:04:01[22m [31m[1m[vite][22m[39m Pre-transform error: Failed to resolve import "./ProgressBar.module.css" from "../web/design-system/dist/components/ProgressBar/ProgressBar.js". Does the file exist?
[2mAM 8:04:01[22m [31m[1m[vite][22m[39m Pre-transform error: Failed to resolve import "./ChannelBadge.module.css" from "../web/design-system/dist/components/ChannelBadge/ChannelBadge.js". Does the file exist?
[2mAM 8:04:01[22m [31m[1m[vite][22m[39m Pre-transform error: Failed to resolve import "./SignaturePad.module.css" from "../web/design-system/dist/components/SignaturePad/SignaturePad.js". Does the file exist?
[2mAM 8:04:01[22m [31m[1m[vite][22m[39m Pre-transform error: Failed to resolve import "./CopyButton.module.css" from "../web/design-system/dist/components/CopyButton/CopyButton.js". Does the file exist?
[2mAM 8:04:01[22m [31m[1m[vite][22m[39m Pre-transform error: Failed to resolve import "./PriceField.module.css" from "../web/design-system/dist/components/PriceField/PriceField.js". Does the file exist?
[2mAM 8:04:01[22m [31m[1m[vite][22m[39m Pre-transform error: Failed to resolve import "./SignatureViewer.module.css" from "../web/design-system/dist/components/SignatureViewer/SignatureViewer.js". Does the file exist?
[2mAM 8:04:01[22m [31m[1m[vite][22m[39m Pre-transform error: Failed to resolve import "./AccountCodeSelect.module.css" from "../web/design-system/dist/components/AccountCodeSelect/AccountCodeSelect.js". Does the file exist?
[2mAM 8:04:01[22m [31m[1m[vite][22m[39m Pre-transform error: Failed to resolve import "./LineRow.module.css" from "../web/design-system/dist/components/LineRow/LineRow.js". Does the file exist?
[2mAM 8:04:01[22m [31m[1m[vite][22m[39m Pre-transform error: Failed to resolve import "./LineRow.module.css" from "../web/design-system/dist/components/LineRow/LineTableHeader.js". Does the file exist?
[2mAM 8:04:01[22m [31m[1m[vite][22m[39m Pre-transform error: Failed to resolve import "./ProductSpecList.module.css" from "../web/design-system/dist/components/ProductSpecList/ProductSpecList.js". Does the file exist?
[2mAM 8:04:01[22m [31m[1m[vite][22m[39m Pre-transform error: Failed to resolve import "./MoneyInput.module.css" from "../web/design-system/dist/components/MoneyInput/MoneyInput.js". Does the file exist?
[2mAM 8:04:01[22m [31m[1m[vite][22m[39m Pre-transform error: Failed to resolve import "./JournalStatusBadge.module.css" from "../web/design-system/dist/components/JournalStatusBadge/JournalStatusBadge.js". Does the file exist?
[2mAM 8:04:01[22m [31m[1m[vite][22m[39m Pre-transform error: Failed to resolve import "./EstimateLineRow.module.css" from "../web/design-system/dist/components/EstimateLineRow/EstimateLineRow.js". Does the file exist?
[2mAM 8:04:01[22m [31m[1m[vite][22m[39m Pre-transform error: Failed to resolve import "./JournalLineRow.module.css" from "../web/design-system/dist/components/JournalLineRow/JournalLineRow.js". Does the file exist?
[2mAM 8:04:01[22m [31m[1m[vite][22m[39m Pre-transform error: Failed to resolve import "./CsvUploadDialog.module.css" from "../web/design-system/dist/components/CsvUploadDialog/CsvUploadDialog.js". Does the file exist?
[2mAM 8:04:01[22m [31m[1m[vite][22m[39m Pre-transform error: Failed to resolve import "./PrintPreview.module.css" from "../web/design-system/dist/components/PrintPreview/PrintPreview.js". Does the file exist?
[2mAM 8:04:01[22m [31m[1m[vite][22m[39m Pre-transform error: Failed to resolve import "./CategoryTabs.module.css" from "../web/design-system/dist/components/CategoryTabs/CategoryTabs.js". Does the file exist?
[2mAM 8:04:01[22m [31m[1m[vite][22m[39m Pre-transform error: Failed to resolve import "./SpecAddModal.module.css" from "../web/design-system/dist/components/SpecAddModal/SpecAddModal.js". Does the file exist?
[2mAM 8:04:01[22m [31m[1m[vite][22m[39m Pre-transform error: Failed to resolve import "./Tabs.module.css" from "../web/design-system/dist/components/Tabs/Tabs.js". Does the file exist?
[2mAM 8:04:01[22m [31m[1m[vite][22m[39m Pre-transform error: Failed to resolve import "./DataGrid.module.css" from "../web/design-system/dist/components/DataGrid/DataGrid.js". Does the file exist?
[2mAM 8:04:01[22m [31m[1m[vite][22m[39m Pre-transform error: Failed to resolve import "./AuditOverlay.module.css" from "../web/design-system/dist/components/AuditOverlay/AuditOverlay.js". Does the file exist?
[2mAM 8:04:01[22m [31m[1m[vite][22m[39m Pre-transform error: Failed to resolve import "./UrgencyBadge.module.css" from "../web/design-system/dist/components/UrgencyBadge/UrgencyBadge.js". Does the file exist?
[2mAM 8:04:01[22m [31m[1m[vite][22m[39m Pre-transform error: Failed to resolve import "./ExcelDownloadButton.module.css" from "../web/design-system/dist/components/ExcelDownloadButton/ExcelDownloadButton.js". Does the file exist?
[2mAM 8:04:01[22m [31m[1m[vite][22m[39m Pre-transform error: Failed to resolve import "./WarehouseAutocomplete.module.css" from "../web/design-system/dist/components/WarehouseAutocomplete/WarehouseAutocomplete.js". Does the file exist?
[2mAM 8:04:01[22m [31m[1m[vite][22m[39m Pre-transform error: Failed to resolve import "./SlipEditRequestDialog.module.css" from "../web/design-system/dist/components/SlipEditRequestDialog/SlipEditRequestDialog.js". Does the file exist?
[2mAM 8:04:01[22m [31m[1m[vite][22m[39m Pre-transform error: Failed to resolve import "./BundleExpandToggle.module.css" from "../web/design-system/dist/components/BundleExpandToggle/BundleExpandToggle.js". Does the file exist?
[2mAM 8:04:01[22m [31m[1m[vite][22m[39m Pre-transform error: Failed to resolve import "../AsyncAutocomplete/AsyncAutocomplete.module.css" from "../web/design-system/dist/components/PartnerAutocomplete/PartnerAutocomplete.js". Does the file exist?
[2mAM 8:04:01[22m [31m[1m[vite][22m[39m Pre-transform error: Failed to resolve import "./FormGrid.module.css" from "../web/design-system/dist/components/FormGrid/FormGrid.js". Does the file exist?
[2mAM 8:04:01[22m [31m[1m[vite][22m[39m Pre-transform error: Failed to resolve import "./SearchResultSelectionModal.module.css" from "../web/design-system/dist/components/SearchResultSelectionModal/SearchResultSelectionModal.js". Does the file exist?
[2mAM 8:04:01[22m [31m[1m[vite][22m[39m Pre-transform error: Failed to resolve import "../AsyncAutocomplete/AsyncAutocomplete.module.css" from "../web/design-system/dist/components/ProductAutocomplete/ProductAutocomplete.js". Does the file exist?
[2mAM 8:04:01[22m [31m[1m[vite][22m[39m Pre-transform error: Failed to resolve import "./FreeTextChipInput.module.css" from "../web/design-system/dist/components/FreeTextChipInput/FreeTextChipInput.js". Does the file exist?
[2mAM 8:04:01[22m [31m[1m[vite][22m[39m Pre-transform error: Failed to resolve import "./AsyncAutocomplete.module.css" from "../web/design-system/dist/components/AsyncAutocomplete/AsyncAutocomplete.js". Does the file exist?
[2mAM 8:04:01[22m [31m[1m[vite][22m[39m Pre-transform error: Failed to resolve import "./AsyncAutocomplete.module.css" from "../web/design-system/dist/components/AsyncAutocomplete/AsyncAutocomplete.js". Does the file exist?
[2mAM 8:04:01[22m [31m[1m[vite][22m[39m Pre-transform error: Failed to resolve import "./AsyncAutocomplete.module.css" from "../web/design-system/dist/components/AsyncAutocomplete/AsyncAutocomplete.js". Does the file exist?
[2mAM 8:04:01[22m [31m[1m[vite][22m[39m Pre-transform error: Failed to resolve import "./styles/fonts.css" from "../web/design-system/dist/index.js". Does the file exist?
[2mAM 8:04:01[22m [31m[1m[vite][22m[39m Pre-transform error: Failed to resolve import "./styles/fonts.css" from "../web/design-system/dist/index.js". Does the file exist?
[2mAM 8:04:01[22m [31m[1m[vite][22m[39m Pre-transform error: Failed to resolve import "./styles/fonts.css" from "../web/design-system/dist/index.js". Does the file exist?
[2mAM 8:04:01[22m [31m[1m[vite][22m[39m Pre-transform error: Failed to resolve import "./styles/fonts.css" from "../web/design-system/dist/index.js". Does the file exist?
[2mAM 8:04:01[22m [31m[1m[vite][22m[39m Pre-transform error: Failed to resolve import "./styles/fonts.css" from "../web/design-system/dist/index.js". Does the file exist?
[2mAM 8:04:01[22m [31m[1m[vite][22m[39m Pre-transform error: Failed to resolve import "./styles/fonts.css" from "../web/design-system/dist/index.js". Does the file exist?
[2mAM 8:04:01[22m [31m[1m[vite][22m[39m Pre-transform error: Failed to resolve import "./styles/fonts.css" from "../web/design-system/dist/index.js". Does the file exist?
[2mAM 8:04:01[22m [31m[1m[vite][22m[39m Pre-transform error: Failed to resolve import "./styles/fonts.css" from "../web/design-system/dist/index.js". Does the file exist?
[2mAM 8:04:01[22m [31m[1m[vite][22m[39m Pre-transform error: Failed to resolve import "./styles/fonts.css" from "../web/design-system/dist/index.js". Does the file exist?
[2mAM 8:04:01[22m [31m[1m[vite][22m[39m Pre-transform error: Failed to resolve import "./styles/fonts.css" from "../web/design-system/dist/index.js". Does the file exist?
[2mAM 8:04:01[22m [31m[1m[vite][22m[39m Pre-transform error: Failed to resolve import "./styles/fonts.css" from "../web/design-system/dist/index.js". Does the file exist?
[2mAM 8:04:01[22m [31m[1m[vite][22m[39m Pre-transform error: Failed to resolve import "./styles/fonts.css" from "../web/design-system/dist/index.js". Does the file exist?
[2mAM 8:04:01[22m [31m[1m[vite][22m[39m Pre-transform error: Failed to resolve import "./styles/fonts.css" from "../web/design-system/dist/index.js". Does the file exist?
[2mAM 8:04:01[22m [31m[1m[vite][22m[39m Pre-transform error: Failed to resolve import "./styles/fonts.css" from "../web/design-system/dist/index.js". Does the file exist?
[2mAM 8:04:01[22m [31m[1m[vite][22m[39m Pre-transform error: Failed to resolve import "./styles/fonts.css" from "../web/design-system/dist/index.js". Does the file exist?
[2mAM 8:04:01[22m [31m[1m[vite][22m[39m Pre-transform error: Failed to resolve import "./styles/fonts.css" from "../web/design-system/dist/index.js". Does the file exist?
[2mAM 8:04:01[22m [31m[1m[vite][22m[39m Pre-transform error: Failed to resolve import "./styles/fonts.css" from "../web/design-system/dist/index.js". Does the file exist?
[2mAM 8:04:01[22m [31m[1m[vite][22m[39m Pre-transform error: Failed to resolve import "./styles/fonts.css" from "../web/design-system/dist/index.js". Does the file exist?
[2mAM 8:04:01[22m [31m[1m[vite][22m[39m Pre-transform error: Failed to resolve import "./styles/fonts.css" from "../web/design-system/dist/index.js". Does the file exist?
[2mAM 8:04:01[22m [31m[1m[vite][22m[39m Pre-transform error: Failed to resolve import "./styles/fonts.css" from "../web/design-system/dist/index.js". Does the file exist?
[2mAM 8:04:01[22m [31m[1m[vite][22m[39m Pre-transform error: Failed to resolve import "./styles/fonts.css" from "../web/design-system/dist/index.js". Does the file exist?
[2mAM 8:04:01[22m [31m[1m[vite][22m[39m Pre-transform error: Failed to resolve import "./styles/fonts.css" from "../web/design-system/dist/index.js". Does the file exist?
[2mAM 8:04:01[22m [31m[1m[vite][22m[39m Pre-transform error: Failed to resolve import "./styles/fonts.css" from "../web/design-system/dist/index.js". Does the file exist?
[2mAM 8:04:01[22m [31m[1m[vite][22m[39m Pre-transform error: Failed to resolve import "./styles/fonts.css" from "../web/design-system/dist/index.js". Does the file exist?
[2mAM 8:04:01[22m [31m[1m[vite][22m[39m Pre-transform error: Failed to resolve import "./styles/fonts.css" from "../web/design-system/dist/index.js". Does the file exist?
[2mAM 8:04:01[22m [31m[1m[vite][22m[39m Pre-transform error: Failed to resolve import "./styles/fonts.css" from "../web/design-system/dist/index.js". Does the file exist?
[2mAM 8:04:01[22m [31m[1m[vite][22m[39m Pre-transform error: Failed to resolve import "./styles/fonts.css" from "../web/design-system/dist/index.js". Does the file exist?
[2mAM 8:04:01[22m [31m[1m[vite][22m[39m Pre-transform error: Failed to resolve import "./styles/fonts.css" from "../web/design-system/dist/index.js". Does the file exist?
[2mAM 8:04:01[22m [31m[1m[vite][22m[39m Pre-transform error: Failed to resolve import "./styles/fonts.css" from "../web/design-system/dist/index.js". Does the file exist?
[2mAM 8:04:01[22m [31m[1m[vite][22m[39m Pre-transform error: Failed to resolve import "./styles/fonts.css" from "../web/design-system/dist/index.js". Does the file exist?
[2mAM 8:04:01[22m [31m[1m[vite][22m[39m Pre-transform error: Failed to resolve import "./styles/fonts.css" from "../web/design-system/dist/index.js". Does the file exist?
[2mAM 8:04:01[22m [31m[1m[vite][22m[39m Pre-transform error: Failed to resolve import "./styles/fonts.css" from "../web/design-system/dist/index.js". Does the file exist?
[2mAM 8:04:01[22m [31m[1m[vite][22m[39m Pre-transform error: Failed to resolve import "./styles/fonts.css" from "../web/design-system/dist/index.js". Does the file exist?
[2mAM 8:04:01[22m [31m[1m[vite][22m[39m Pre-transform error: Failed to resolve import "./styles/fonts.css" from "../web/design-system/dist/index.js". Does the file exist?
[2mAM 8:04:01[22m [31m[1m[vite][22m[39m Pre-transform error: Failed to resolve import "./styles/fonts.css" from "../web/design-system/dist/index.js". Does the file exist?
[2mAM 8:04:01[22m [31m[1m[vite][22m[39m Pre-transform error: Failed to resolve import "./styles/fonts.css" from "../web/design-system/dist/index.js". Does the file exist?
[2mAM 8:04:01[22m [31m[1m[vite][22m[39m Pre-transform error: Failed to resolve import "./styles/fonts.css" from "../web/design-system/dist/index.js". Does the file exist?
[2mAM 8:04:01[22m [31m[1m[vite][22m[39m Pre-transform error: Failed to resolve import "./styles/fonts.css" from "../web/design-system/dist/index.js". Does the file exist?
[2mAM 8:04:01[22m [31m[1m[vite][22m[39m Pre-transform error: Failed to resolve import "./styles/fonts.css" from "../web/design-system/dist/index.js". Does the file exist?
[2mAM 8:04:01[22m [31m[1m[vite][22m[39m Pre-transform error: Failed to resolve import "./styles/fonts.css" from "../web/design-system/dist/index.js". Does the file exist?
[2mAM 8:04:01[22m [31m[1m[vite][22m[39m Pre-transform error: Failed to resolve import "./styles/fonts.css" from "../web/design-system/dist/index.js". Does the file exist?
[2mAM 8:04:01[22m [31m[1m[vite][22m[39m Pre-transform error: Failed to resolve import "./styles/fonts.css" from "../web/design-system/dist/index.js". Does the file exist?
[2mAM 8:04:01[22m [31m[1m[vite][22m[39m Pre-transform error: Failed to resolve import "./styles/fonts.css" from "../web/design-system/dist/index.js". Does the file exist?
[2mAM 8:04:01[22m [31m[1m[vite][22m[39m Pre-transform error: Failed to resolve import "./styles/fonts.css" from "../web/design-system/dist/index.js". Does the file exist?
[2mAM 8:04:01[22m [31m[1m[vite][22m[39m Pre-transform error: Failed to resolve import "./styles/fonts.css" from "../web/design-system/dist/index.js". Does the file exist?
[2mAM 8:04:01[22m [31m[1m[vite][22m[39m Pre-transform error: Failed to resolve import "./styles/fonts.css" from "../web/design-system/dist/index.js". Does the file exist?
[2mAM 8:04:01[22m [31m[1m[vite][22m[39m Pre-transform error: Failed to resolve import "./styles/fonts.css" from "../web/design-system/dist/index.js". Does the file exist?
[2mAM 8:04:01[22m [31m[1m[vite][22m[39m Pre-transform error: Failed to resolve import "./styles/fonts.css" from "../web/design-system/dist/index.js". Does the file exist?
[2mAM 8:04:01[22m [31m[1m[vite][22m[39m Pre-transform error: Failed to resolve import "./styles/fonts.css" from "../web/design-system/dist/index.js". Does the file exist?
[2mAM 8:04:01[22m [31m[1m[vite][22m[39m Pre-transform error: Failed to resolve import "./styles/fonts.css" from "../web/design-system/dist/index.js". Does the file exist?
[2mAM 8:04:01[22m [31m[1m[vite][22m[39m Pre-transform error: Failed to resolve import "./styles/fonts.css" from "../web/design-system/dist/index.js". Does the file exist?
[2mAM 8:04:01[22m [31m[1m[vite][22m[39m Pre-transform error: Failed to resolve import "./styles/fonts.css" from "../web/design-system/dist/index.js". Does the file exist?
[2mAM 8:04:01[22m [31m[1m[vite][22m[39m Pre-transform error: Failed to resolve import "./styles/fonts.css" from "../web/design-system/dist/index.js". Does the file exist?
[2mAM 8:04:01[22m [31m[1m[vite][22m[39m Pre-transform error: Failed to resolve import "./styles/fonts.css" from "../web/design-system/dist/index.js". Does the file exist?
[2mAM 8:04:01[22m [31m[1m[vite][22m[39m Pre-transform error: Failed to resolve import "./styles/fonts.css" from "../web/design-system/dist/index.js". Does the file exist?
[2mAM 8:04:01[22m [31m[1m[vite][22m[39m Pre-transform error: Failed to resolve import "./styles/fonts.css" from "../web/design-system/dist/index.js". Does the file exist?
[2mAM 8:04:01[22m [31m[1m[vite][22m[39m Pre-transform error: Failed to resolve import "./styles/fonts.css" from "../web/design-system/dist/index.js". Does the file exist?
[2mAM 8:04:01[22m [31m[1m[vite][22m[39m Pre-transform error: Failed to resolve import "./styles/fonts.css" from "../web/design-system/dist/index.js". Does the file exist?
[2mAM 8:04:01[22m [31m[1m[vite][22m[39m Pre-transform error: Failed to resolve import "./styles/fonts.css" from "../web/design-system/dist/index.js". Does the file exist?
[2mAM 8:04:01[22m [31m[1m[vite][22m[39m Pre-transform error: Failed to resolve import "./styles/fonts.css" from "../web/design-system/dist/index.js". Does the file exist?
[2mAM 8:04:01[22m [31m[1m[vite][22m[39m Pre-transform error: Failed to resolve import "./styles/fonts.css" from "../web/design-system/dist/index.js". Does the file exist?
[2mAM 8:04:01[22m [31m[1m[vite][22m[39m Pre-transform error: Failed to resolve import "./styles/fonts.css" from "../web/design-system/dist/index.js". Does the file exist?
[2mAM 8:04:01[22m [31m[1m[vite][22m[39m Pre-transform error: Failed to resolve import "./styles/fonts.css" from "../web/design-system/dist/index.js". Does the file exist?
[2mAM 8:04:01[22m [31m[1m[vite][22m[39m Pre-transform error: Failed to resolve import "./styles/fonts.css" from "../web/design-system/dist/index.js". Does the file exist?
[2mAM 8:04:01[22m [31m[1m[vite][22m[39m Pre-transform error: Failed to resolve import "./styles/fonts.css" from "../web/design-system/dist/index.js". Does the file exist?
[2mAM 8:04:01[22m [31m[1m[vite][22m[39m Pre-transform error: Failed to resolve import "./styles/fonts.css" from "../web/design-system/dist/index.js". Does the file exist?
[2mAM 8:04:01[22m [31m[1m[vite][22m[39m Pre-transform error: Failed to resolve import "./styles/fonts.css" from "../web/design-system/dist/index.js". Does the file exist?
[2mAM 8:04:01[22m [31m[1m[vite][22m[39m Pre-transform error: Failed to resolve import "./styles/fonts.css" from "../web/design-system/dist/index.js". Does the file exist?
[2mAM 8:04:01[22m [31m[1m[vite][22m[39m Pre-transform error: Failed to resolve import "./styles/fonts.css" from "../web/design-system/dist/index.js". Does the file exist?
[2mAM 8:04:01[22m [31m[1m[vite][22m[39m Pre-transform error: Failed to resolve import "./styles/fonts.css" from "../web/design-system/dist/index.js". Does the file exist?
[2mAM 8:04:01[22m [31m[1m[vite][22m[39m Pre-transform error: Failed to resolve import "./styles/fonts.css" from "../web/design-system/dist/index.js". Does the file exist?
[2mAM 8:04:01[22m [31m[1m[vite][22m[39m Pre-transform error: Failed to resolve import "./styles/fonts.css" from "../web/design-system/dist/index.js". Does the file exist?
[2mAM 8:04:01[22m [31m[1m[vite][22m[39m Pre-transform error: Failed to resolve import "./MultiSelectAutocomplete.module.css" from "../web/design-system/dist/components/MultiSelectAutocomplete/MultiSelectAutocomplete.js". Does the file exist?
[2mAM 8:04:01[22m [31m[1m[vite][22m[39m Pre-transform error: Failed to resolve import "./FormField.module.css" from "../web/design-system/dist/components/FormField/FormField.js". Does the file exist?
[2mAM 8:04:01[22m [31m[1m[vite][22m[39m Pre-transform error: Failed to resolve import "./FormField.module.css" from "../web/design-system/dist/components/FormField/FormField.js". Does the file exist?
[2mAM 8:04:01[22m [31m[1m[vite][22m[39m Pre-transform error: Failed to resolve import "./FormField.module.css" from "../web/design-system/dist/components/FormField/FormField.js". Does the file exist?
[2mAM 8:04:01[22m [31m[1m[vite][22m[39m Pre-transform error: Failed to resolve import "./Button.module.css" from "../web/design-system/dist/components/Button/Button.js". Does the file exist?
[2mAM 8:04:01[22m [31m[1m[vite][22m[39m Pre-transform error: Failed to resolve import "./Button.module.css" from "../web/design-system/dist/components/Button/Button.js". Does the file exist?
[2mAM 8:04:01[22m [31m[1m[vite][22m[39m Pre-transform error: Failed to resolve import "./Button.module.css" from "../web/design-system/dist/components/Button/Button.js". Does the file exist?
[2mAM 8:04:01[22m [31m[1m[vite][22m[39m Pre-transform error: Failed to resolve import "./Button.module.css" from "../web/design-system/dist/components/Button/Button.js". Does the file exist?
[2mAM 8:04:01[22m [31m[1m[vite][22m[39m Pre-transform error: Failed to resolve import "./Input.module.css" from "../web/design-system/dist/components/Input/Input.js". Does the file exist?
[2mAM 8:04:01[22m [31m[1m[vite][22m[39m Pre-transform error: Failed to resolve import "./Input.module.css" from "../web/design-system/dist/components/Input/Input.js". Does the file exist?
[2mAM 8:04:01[22m [31m[1m[vite][22m[39m Pre-transform error: Failed to resolve import "./TagChip.module.css" from "../web/design-system/dist/components/TagChip/TagChip.js". Does the file exist?
[2mAM 8:04:01[22m [31m[1m[vite][22m[39m Pre-transform error: Failed to resolve import "./Spinner.module.css" from "../web/design-system/dist/components/Spinner/Spinner.js". Does the file exist?
[2mAM 8:04:01[22m [31m[1m[vite][22m[39m Pre-transform error: Failed to resolve import "./Spinner.module.css" from "../web/design-system/dist/components/Spinner/Spinner.js". Does the file exist?
[2mAM 8:04:01[22m [31m[1m[vite][22m[39m Pre-transform error: Failed to resolve import "./Spinner.module.css" from "../web/design-system/dist/components/Spinner/Spinner.js". Does the file exist?
[2mAM 8:04:01[22m [31m[1m[vite][22m[39m Pre-transform error: Failed to resolve import "./Spinner.module.css" from "../web/design-system/dist/components/Spinner/Spinner.js". Does the file exist?
[2mAM 8:04:01[22m [31m[1m[vite][22m[39m Pre-transform error: Failed to resolve import "./Label.module.css" from "../web/design-system/dist/components/Label/Label.js". Does the file exist?
[2mAM 8:04:01[22m [31m[1m[vite][22m[39m Pre-transform error: Failed to resolve import "./Label.module.css" from "../web/design-system/dist/components/Label/Label.js". Does the file exist?
[2mAM 8:04:01[22m [31m[1m[vite][22m[39m Pre-transform error: Failed to resolve import "./Label.module.css" from "../web/design-system/dist/components/Label/Label.js". Does the file exist?
[2mAM 8:04:01[22m [31m[1m[vite][22m[39m Pre-transform error: Failed to resolve import "./Label.module.css" from "../web/design-system/dist/components/Label/Label.js". Does the file exist?
[2mAM 8:04:01[22m [31m[1m[vite][22m[39m Pre-transform error: Failed to resolve import "./DragHandle.module.css" from "../web/design-system/dist/components/DragHandle/DragHandle.js". Does the file exist?
[2mAM 8:04:01[22m [31m[1m[vite][22m[39m Pre-transform error: Failed to resolve import "./MoneyInput.module.css" from "../web/design-system/dist/components/MoneyInput/MoneyInput.js". Does the file exist?
[2mAM 8:04:01[22m [31m[1m[vite][22m[39m Pre-transform error: Failed to resolve import "./AccountCodeSelect.module.css" from "../web/design-system/dist/components/AccountCodeSelect/AccountCodeSelect.js". Does the file exist?
[2mAM 8:04:01[22m [31m[1m[vite][22m[39m Pre-transform error: Failed to resolve import "../../assets/mascot/samhani-static.png" from "../web/design-system/dist/components/MascotLoader/MascotLoader.js". Does the file exist?
[2mAM 8:04:01[22m [31m[1m[vite][22m[39m Pre-transform error: Failed to resolve import "../../assets/mascot/samhani-static.png" from "../web/design-system/dist/components/MascotEmptyState/MascotEmptyState.js". Does the file exist?
[2mAM 8:04:01[22m [31m[1m[vite][22m[39m Pre-transform error: Failed to resolve import "./Modal.module.css" from "../web/design-system/dist/components/Modal/Modal.js". Does the file exist?
[2mAM 8:04:01[22m [31m[1m[vite][22m[39m Pre-transform error: Failed to resolve import "./Modal.module.css" from "../web/design-system/dist/components/Modal/Modal.js". Does the file exist?
[2mAM 8:04:01[22m [31m[1m[vite][22m[39m Pre-transform error: Failed to resolve import "./styles/fonts.css" from "../web/design-system/dist/index.js". Does the file exist?
[2mAM 8:04:01[22m [31m[1m[vite][22m[39m Pre-transform error: Failed to resolve import "./styles/fonts.css" from "../web/design-system/dist/index.js". Does the file exist?
[2mAM 8:04:01[22m [31m[1m[vite][22m[39m Pre-transform error: Failed to resolve import "./styles/fonts.css" from "../web/design-system/dist/index.js". Does the file exist?
[2mAM 8:04:01[22m [31m[1m[vite][22m[39m Pre-transform error: Failed to resolve import "./styles/fonts.css" from "../web/design-system/dist/index.js". Does the file exist?
[2mAM 8:04:01[22m [31m[1m[vite][22m[39m Pre-transform error: Failed to resolve import "./styles/fonts.css" from "../web/design-system/dist/index.js". Does the file exist?
[2mAM 8:04:01[22m [31m[1m[vite][22m[39m Pre-transform error: Failed to resolve import "./styles/fonts.css" from "../web/design-system/dist/index.js". Does the file exist?
[2mAM 8:04:01[22m [31m[1m[vite][22m[39m Pre-transform error: Failed to resolve import "./styles/fonts.css" from "../web/design-system/dist/index.js". Does the file exist?
[2mAM 8:04:01[22m [31m[1m[vite][22m[39m Pre-transform error: Failed to resolve import "./styles/fonts.css" from "../web/design-system/dist/index.js". Does the file exist?
[2mAM 8:04:01[22m [31m[1m[vite][22m[39m Pre-transform error: Failed to resolve import "./styles/fonts.css" from "../web/design-system/dist/index.js". Does the file exist?
[2mAM 8:04:01[22m [31m[1m[vite][22m[39m Pre-transform error: Failed to resolve import "./styles/fonts.css" from "../web/design-system/dist/index.js". Does the file exist?
[2mAM 8:04:01[22m [31m[1m[vite][22m[39m Pre-transform error: Failed to resolve import "./styles/fonts.css" from "../web/design-system/dist/index.js". Does the file exist?
[2mAM 8:04:01[22m [31m[1m[vite][22m[39m Pre-transform error: Failed to resolve import "./styles/fonts.css" from "../web/design-system/dist/index.js". Does the file exist?
[2mAM 8:04:01[22m [31m[1m[vite][22m[39m Pre-transform error: Failed to resolve import "./styles/fonts.css" from "../web/design-system/dist/index.js". Does the file exist?
[2mAM 8:04:01[22m [31m[1m[vite][22m[39m Pre-transform error: Failed to resolve import "./styles/fonts.css" from "../web/design-system/dist/index.js". Does the file exist?
[2mAM 8:04:01[22m [31m[1m[vite][22m[39m Pre-transform error: Failed to resolve import "./styles/fonts.css" from "../web/design-system/dist/index.js". Does the file exist?
[2mAM 8:04:01[22m [31m[1m[vite][22m[39m Pre-transform error: Failed to resolve import "./styles/fonts.css" from "../web/design-system/dist/index.js". Does the file exist?
[2mAM 8:04:01[22m [31m[1m[vite][22m[39m Pre-transform error: Failed to resolve import "./styles/fonts.css" from "../web/design-system/dist/index.js". Does the file exist?
[2mAM 8:04:01[22m [31m[1m[vite][22m[39m Pre-transform error: Failed to resolve import "./styles/fonts.css" from "../web/design-system/dist/index.js". Does the file exist?
[2mAM 8:04:01[22m [31m[1m[vite][22m[39m Pre-transform error: Failed to resolve import "./styles/fonts.css" from "../web/design-system/dist/index.js". Does the file exist?
[2mAM 8:04:01[22m [31m[1m[vite][22m[39m Pre-transform error: Failed to resolve import "./styles/fonts.css" from "../web/design-system/dist/index.js". Does the file exist?
[2mAM 8:04:01[22m [31m[1m[vite][22m[39m Pre-transform error: Failed to resolve import "./styles/fonts.css" from "../web/design-system/dist/index.js". Does the file exist?
[2mAM 8:04:01[22m [31m[1m[vite][22m[39m Pre-transform error: Failed to resolve import "./styles/fonts.css" from "../web/design-system/dist/index.js". Does the file exist?
[2mAM 8:04:01[22m [31m[1m[vite][22m[39m Pre-transform error: Failed to resolve import "./styles/fonts.css" from "../web/design-system/dist/index.js". Does the file exist?
[2mAM 8:04:01[22m [31m[1m[vite][22m[39m Pre-transform error: Failed to resolve import "./styles/fonts.css" from "../web/design-system/dist/index.js". Does the file exist?
[2mAM 8:04:01[22m [31m[1m[vite][22m[39m Pre-transform error: Failed to resolve import "./styles/fonts.css" from "../web/design-system/dist/index.js". Does the file exist?
[2mAM 8:04:01[22m [31m[1m[vite][22m[39m Pre-transform error: Failed to resolve import "./styles/fonts.css" from "../web/design-system/dist/index.js". Does the file exist?
[2mAM 8:04:01[22m [31m[1m[vite][22m[39m Pre-transform error: Failed to resolve import "./styles/fonts.css" from "../web/design-system/dist/index.js". Does the file exist?
[2mAM 8:04:01[22m [31m[1m[vite][22m[39m Pre-transform error: Failed to resolve import "./styles/fonts.css" from "../web/design-system/dist/index.js". Does the file exist?
[2mAM 8:04:01[22m [31m[1m[vite][22m[39m Pre-transform error: Failed to resolve import "./styles/fonts.css" from "../web/design-system/dist/index.js". Does the file exist?
