[36mvite v5.4.21 [32mbuilding SSR bundle for development...[36m[39m
transforming...
[32m✓[39m 7 modules transformed.
rendering chunks...
[2mout/main/[22m[36mcapture-CmoI0XZe.js  [39m[1m[2m6.31 kB[22m[1m[22m
[2mout/main/[22m[36mindex.js             [39m[1m[2m9.13 kB[22m[1m[22m
[32m✓ built in 144ms[39m
[32m
build the electron main process successfully[39m
[90m
-----
[39m
[36mvite v5.4.21 [32mbuilding SSR bundle for development...[36m[39m
transforming...
[32m✓[39m 3 modules transformed.
rendering chunks...
[2mout/preload/[22m[36mindex.cjs       [39m[1m[2m1.41 kB[22m[1m[22m
[2mout/preload/[22m[36mlegacyShim.cjs  [39m[1m[2m8.70 kB[22m[1m[22m
[32m✓ built in 48ms[39m
[32m
build the electron preload files successfully[39m
[90m
-----
[39m
[32mdev server running for the electron renderer process at:
[39m
  [32m➜[39m  [1mLocal[22m:   [36mhttp://localhost:[1m5173[22m/[39m
[2m  [32m➜[39m  [1mNetwork[22m[2m: use [22m[1m--host[22m[2m to expose[22m
[32m
start electron app...
[39m

